C51 COMPILER V9.60.7.0   SEVEN_SEGEMENT                                                    11/19/2025 11:50:08 PAGE 1   


C51 COMPILER V9.60.7.0, COMPILATION OF MODULE SEVEN_SEGEMENT
OBJECT MODULE PLACED IN .\Objects\Seven_segement.obj
COMPILER INVOKED BY: D:\Program Files\C51\BIN\C51.EXE Seven_segement.c OPTIMIZE(8,SPEED) BROWSE DEBUG OBJECTEXTEND PRINT
                    -(.\Listings\Seven_segement.lst) TABS(2) OBJECT(.\Objects\Seven_segement.obj)

line level    source

   1          #include<reg51.h>
   2          
   3          void delay(int a)
   4          {
   5   1        int i, j;
   6   1          for(i =0; i<a; i++)
   7   1        {
   8   2          for(j =0; j<250; j++)
   9   2          {
  10   3          }
  11   2        }
  12   1      }
  13          void main()
  14          {
  15   1        while(1)
  16   1          {
  17   2            P2 = 0XC0; //0
  18   2            delay(200);
  19   2            P2 = 0XF9; //1
  20   2            delay(100);
  21   2            P2 = 0xA4; //2
  22   2            delay(200);
  23   2            P2 = 0XB0; //3
  24   2            delay(200);
  25   2            P2 = 0X99; //4
  26   2            delay(200);
  27   2            P2 = 0X92; //5
  28   2            delay(200);
  29   2            P2 = 0X82; //6
  30   2            delay(200);
  31   2            P2 = 0XF8; //7
  32   2            delay(200);
  33   2            P2 = 0X80; //8
  34   2            delay(200);
  35   2            P2 = 0X98; //9
  36   2            delay(200);
  37   2          }
  38   1      }


MODULE INFORMATION:   STATIC OVERLAYABLE
   CODE SIZE        =    108    ----
   CONSTANT SIZE    =   ----    ----
   XDATA SIZE       =   ----    ----
   PDATA SIZE       =   ----    ----
   DATA SIZE        =   ----    ----
   IDATA SIZE       =   ----    ----
   BIT SIZE         =   ----    ----
END OF MODULE INFORMATION.


C51 COMPILATION COMPLETE.  0 WARNING(S),  0 ERROR(S)
