BL51 BANKED LINKER/LOCATER V6.22.4.0                                                    11/19/2025  11:50:08  PAGE 1


BL51 BANKED LINKER/LOCATER V6.22.4.0, INVOKED BY:
D:\PROGRAM FILES\C51\BIN\BL51.EXE .\Objects\STARTUP.obj, .\Objects\Seven_segement.obj TO .\Objects\Seven_segement PRINT 
>> (.\Listings\Seven_segement.m51)


MEMORY MODEL: SMALL


INPUT MODULES INCLUDED:
  .\Objects\STARTUP.obj (?C_STARTUP)
  .\Objects\Seven_segement.obj (SEVEN_SEGEMENT)


LINK MAP OF MODULE:  .\Objects\Seven_segement (?C_STARTUP)


            TYPE    BASE      LENGTH    RELOCATION   SEGMENT NAME
            -----------------------------------------------------

            * * * * * * *   D A T A   M E M O R Y   * * * * * * *
            REG     0000H     0008H     ABSOLUTE     "REG BANK 0"
            IDATA   0008H     0001H     UNIT         ?STACK

            * * * * * * *   C O D E   M E M O R Y   * * * * * * *
            CODE    0000H     0003H     ABSOLUTE     
                    0003H     07FDH                  *** GAP ***
            CODE    0800H     0046H     UNIT         ?PR?MAIN?SEVEN_SEGEMENT
            CODE    0846H     0026H     UNIT         ?PR?_DELAY?SEVEN_SEGEMENT
            CODE    086CH     000CH     UNIT         ?C_C51STARTUP



OVERLAY MAP OF MODULE:   .\Objects\Seven_segement (?C_STARTUP)


SEGMENT
  +--> CALLED SEGMENT
---------------------
?C_C51STARTUP
  +--> ?PR?MAIN?SEVEN_SEGEMENT

?PR?MAIN?SEVEN_SEGEMENT
  +--> ?PR?_DELAY?SEVEN_SEGEMENT



SYMBOL TABLE OF MODULE:  .\Objects\Seven_segement (?C_STARTUP)

  VALUE           TYPE          NAME
  ----------------------------------

  -------         MODULE        ?C_STARTUP
  C:086CH         SEGMENT       ?C_C51STARTUP
  I:0008H         SEGMENT       ?STACK
  C:0000H         PUBLIC        ?C_STARTUP
  D:00E0H         SYMBOL        ACC
  D:00F0H         SYMBOL        B
  D:0083H         SYMBOL        DPH
BL51 BANKED LINKER/LOCATER V6.22.4.0                                                  11/19/2025  11:50:08  PAGE 2


  D:0082H         SYMBOL        DPL
  N:0000H         SYMBOL        IBPSTACK
  N:0100H         SYMBOL        IBPSTACKTOP
  N:0080H         SYMBOL        IDATALEN
  C:086FH         SYMBOL        IDATALOOP
  N:0000H         SYMBOL        PBPSTACK
  N:0100H         SYMBOL        PBPSTACKTOP
  N:0000H         SYMBOL        PDATALEN
  N:0000H         SYMBOL        PDATASTART
  N:0000H         SYMBOL        PPAGE
  N:0000H         SYMBOL        PPAGEENABLE
  D:00A0H         SYMBOL        PPAGE_SFR
  D:0081H         SYMBOL        SP
  C:086CH         SYMBOL        STARTUP1
  N:0000H         SYMBOL        XBPSTACK
  N:0000H         SYMBOL        XBPSTACKTOP
  N:0000H         SYMBOL        XDATALEN
  N:0000H         SYMBOL        XDATASTART
  C:0000H         LINE#         126
  C:086CH         LINE#         133
  C:086EH         LINE#         134
  C:086FH         LINE#         135
  C:0870H         LINE#         136
  C:0872H         LINE#         185
  C:0875H         LINE#         196
  -------         ENDMOD        ?C_STARTUP

  -------         MODULE        SEVEN_SEGEMENT
  C:0000H         SYMBOL        _ICE_DUMMY_
  D:00A0H         PUBLIC        P2
  C:0846H         PUBLIC        _delay
  C:0800H         PUBLIC        main
  -------         PROC          _DELAY
  D:0006H         SYMBOL        a
  -------         DO            
  D:0004H         SYMBOL        i
  D:0002H         SYMBOL        j
  -------         ENDDO         
  C:0846H         LINE#         3
  C:0846H         LINE#         4
  C:0846H         LINE#         6
  C:0856H         LINE#         7
  C:0856H         LINE#         8
  C:0859H         LINE#         9
  C:0859H         LINE#         10
  C:0864H         LINE#         11
  C:086BH         LINE#         12
  -------         ENDPROC       _DELAY
  -------         PROC          MAIN
  C:0800H         LINE#         13
  C:0800H         LINE#         14
  C:0800H         LINE#         15
  C:0800H         LINE#         16
  C:0800H         LINE#         17
  C:0803H         LINE#         18
  C:080AH         LINE#         19
  C:080DH         LINE#         20
BL51 BANKED LINKER/LOCATER V6.22.4.0                                                  11/19/2025  11:50:08  PAGE 3


  C:0812H         LINE#         21
  C:0815H         LINE#         22
  C:081AH         LINE#         23
  C:081DH         LINE#         24
  C:0820H         LINE#         25
  C:0823H         LINE#         26
  C:0826H         LINE#         27
  C:0829H         LINE#         28
  C:082CH         LINE#         29
  C:082FH         LINE#         30
  C:0832H         LINE#         31
  C:0835H         LINE#         32
  C:0838H         LINE#         33
  C:083BH         LINE#         34
  C:083EH         LINE#         35
  C:0841H         LINE#         36
  C:0844H         LINE#         37
  -------         ENDPROC       MAIN
  -------         ENDMOD        SEVEN_SEGEMENT

******************************************************************************
* RESTRICTED VERSION WITH 0800H BYTE CODE SIZE LIMIT; USED: 007BH BYTE ( 6%) *
******************************************************************************

Program Size: data=9.0 xdata=0 code=123
LINK/LOCATE RUN COMPLETE.  0 WARNING(S),  0 ERROR(S)
