BL51 BANKED LINKER/LOCATER V6.22.4.0                                                    11/19/2025  14:37:20  PAGE 1


BL51 BANKED LINKER/LOCATER V6.22.4.0, INVOKED BY:
D:\PROGRAM FILES\C51\BIN\BL51.EXE .\Objects\STARTUP.obj, .\Objects\Simple_DC.obj TO .\Objects\Simple_DC_motor PRINT (.\L
>> istings\Simple_DC_motor.m51)


MEMORY MODEL: SMALL


INPUT MODULES INCLUDED:
  .\Objects\STARTUP.obj (?C_STARTUP)
  .\Objects\Simple_DC.obj (SIMPLE_DC)


LINK MAP OF MODULE:  .\Objects\Simple_DC_motor (?C_STARTUP)


            TYPE    BASE      LENGTH    RELOCATION   SEGMENT NAME
            -----------------------------------------------------

            * * * * * * *   D A T A   M E M O R Y   * * * * * * *
            REG     0000H     0008H     ABSOLUTE     "REG BANK 0"
            IDATA   0008H     0001H     UNIT         ?STACK

            * * * * * * *   C O D E   M E M O R Y   * * * * * * *
            CODE    0000H     0003H     ABSOLUTE     
                    0003H     07FDH                  *** GAP ***
            CODE    0800H     0026H     UNIT         ?PR?_DELAY?SIMPLE_DC
            CODE    0826H     001EH     UNIT         ?PR?MAIN?SIMPLE_DC
            CODE    0844H     000CH     UNIT         ?C_C51STARTUP



OVERLAY MAP OF MODULE:   .\Objects\Simple_DC_motor (?C_STARTUP)


SEGMENT
  +--> CALLED SEGMENT
---------------------
?C_C51STARTUP
  +--> ?PR?MAIN?SIMPLE_DC

?PR?MAIN?SIMPLE_DC
  +--> ?PR?_DELAY?SIMPLE_DC



SYMBOL TABLE OF MODULE:  .\Objects\Simple_DC_motor (?C_STARTUP)

  VALUE           TYPE          NAME
  ----------------------------------

  -------         MODULE        ?C_STARTUP
  C:0844H         SEGMENT       ?C_C51STARTUP
  I:0008H         SEGMENT       ?STACK
  C:0000H         PUBLIC        ?C_STARTUP
  D:00E0H         SYMBOL        ACC
  D:00F0H         SYMBOL        B
  D:0083H         SYMBOL        DPH
BL51 BANKED LINKER/LOCATER V6.22.4.0                                                  11/19/2025  14:37:20  PAGE 2


  D:0082H         SYMBOL        DPL
  N:0000H         SYMBOL        IBPSTACK
  N:0100H         SYMBOL        IBPSTACKTOP
  N:0080H         SYMBOL        IDATALEN
  C:0847H         SYMBOL        IDATALOOP
  N:0000H         SYMBOL        PBPSTACK
  N:0100H         SYMBOL        PBPSTACKTOP
  N:0000H         SYMBOL        PDATALEN
  N:0000H         SYMBOL        PDATASTART
  N:0000H         SYMBOL        PPAGE
  N:0000H         SYMBOL        PPAGEENABLE
  D:00A0H         SYMBOL        PPAGE_SFR
  D:0081H         SYMBOL        SP
  C:0844H         SYMBOL        STARTUP1
  N:0000H         SYMBOL        XBPSTACK
  N:0000H         SYMBOL        XBPSTACKTOP
  N:0000H         SYMBOL        XDATALEN
  N:0000H         SYMBOL        XDATASTART
  C:0000H         LINE#         126
  C:0844H         LINE#         133
  C:0846H         LINE#         134
  C:0847H         LINE#         135
  C:0848H         LINE#         136
  C:084AH         LINE#         185
  C:084DH         LINE#         196
  -------         ENDMOD        ?C_STARTUP

  -------         MODULE        SIMPLE_DC
  C:0000H         SYMBOL        _ICE_DUMMY_
  D:00A0H         PUBLIC        P2
  C:0800H         PUBLIC        _delay
  C:0826H         PUBLIC        main
  -------         PROC          _DELAY
  D:0006H         SYMBOL        a
  -------         DO            
  D:0004H         SYMBOL        i
  D:0002H         SYMBOL        j
  -------         ENDDO         
  C:0800H         LINE#         3
  C:0800H         LINE#         4
  C:0800H         LINE#         6
  C:0810H         LINE#         7
  C:0825H         LINE#         8
  -------         ENDPROC       _DELAY
  -------         PROC          MAIN
  C:0826H         LINE#         10
  C:0826H         LINE#         11
  C:0826H         LINE#         12
  C:0826H         LINE#         13
  C:0826H         LINE#         14
  C:0829H         LINE#         15
  C:0830H         LINE#         16
  C:0833H         LINE#         17
  C:0836H         LINE#         18
  C:0839H         LINE#         19
  C:083CH         LINE#         20
  C:083FH         LINE#         21
BL51 BANKED LINKER/LOCATER V6.22.4.0                                                  11/19/2025  14:37:20  PAGE 3


  C:0842H         LINE#         22
  -------         ENDPROC       MAIN
  -------         ENDMOD        SIMPLE_DC

******************************************************************************
* RESTRICTED VERSION WITH 0800H BYTE CODE SIZE LIMIT; USED: 0053H BYTE ( 4%) *
******************************************************************************

Program Size: data=9.0 xdata=0 code=83
LINK/LOCATE RUN COMPLETE.  0 WARNING(S),  0 ERROR(S)
