C51 COMPILER V9.60.7.0   SIMPLE_DC                                                         11/19/2025 14:37:20 PAGE 1   


C51 COMPILER V9.60.7.0, COMPILATION OF MODULE SIMPLE_DC
OBJECT MODULE PLACED IN .\Objects\Simple_DC.obj
COMPILER INVOKED BY: D:\Program Files\C51\BIN\C51.EXE Simple_DC.c OPTIMIZE(8,SPEED) BROWSE DEBUG OBJECTEXTEND PRINT(.\Li
                    -stings\Simple_DC.lst) TABS(2) OBJECT(.\Objects\Simple_DC.obj)

line level    source

   1          #include <reg51.h>
   2          
   3          void delay(int a)
   4          {
   5   1        int i, j;
   6   1        for(i = 0; i < a; i++)
   7   1            for(j = 0; j < 250; j++);
   8   1      }
   9          
  10          void main()
  11          {
  12   1        while(1)
  13   1        {
  14   2          P2=0X01;//FWD  1st motor
  15   2          delay(500);
  16   2          P2=0X08;// REV  2nd motor
  17   2          delay(500);
  18   2          P2=0X02;//REV   1st motor
  19   2          delay(500);
  20   2          P2=0X04;// FWD  2nd motor 
  21   2          delay(500);
  22   2        }
  23   1      
  24   1      }
  25          
  26          //Motor 1 Forward = P2.0 = 1 ? 0x01
  27          
  28          //Motor 2 Forward = P2.2 = 1 ? 0x04
  29          // Forward both = 0x01 + 0x04 = 0x05
  30          
  31          //Motor 1 Reverse = P2.1 = 1 ? 0x02
  32          
  33          //Motor 2 Reverse = P2.3 = 1 ? 0x08
  34          //Reverse both = 0x02 + 0x08 = 0x0A
  35          
  36          //Motor 1 forward and Motor 2 reverse
  37          //  0X01 + 0X08 = 0X09
  38          //Motor 1 reverse and Motor 2 forward
  39          //     0X02 + 0X04 = 0X06


MODULE INFORMATION:   STATIC OVERLAYABLE
   CODE SIZE        =     68    ----
   CONSTANT SIZE    =   ----    ----
   XDATA SIZE       =   ----    ----
   PDATA SIZE       =   ----    ----
   DATA SIZE        =   ----    ----
   IDATA SIZE       =   ----    ----
   BIT SIZE         =   ----    ----
END OF MODULE INFORMATION.


C51 COMPILATION COMPLETE.  0 WARNING(S),  0 ERROR(S)
