BL51 BANKED LINKER/LOCATER V6.22.4.0                                                    11/21/2025  04:06:22  PAGE 1


BL51 BANKED LINKER/LOCATER V6.22.4.0, INVOKED BY:
D:\PROGRAM FILES\C51\BIN\BL51.EXE .\Objects\STARTUP.obj, .\Objects\Interupt.obj TO .\Objects\interrupt PRINT (.\Listings
>> \interrupt.m51)


MEMORY MODEL: SMALL


INPUT MODULES INCLUDED:
  .\Objects\STARTUP.obj (?C_STARTUP)
  .\Objects\Interupt.obj (INTERUPT)


LINK MAP OF MODULE:  .\Objects\interrupt (?C_STARTUP)


            TYPE    BASE      LENGTH    RELOCATION   SEGMENT NAME
            -----------------------------------------------------

            * * * * * * *   D A T A   M E M O R Y   * * * * * * *
            REG     0000H     0008H     ABSOLUTE     "REG BANK 0"
            DATA    0008H     0002H     UNIT         _DATA_GROUP_
            IDATA   000AH     0001H     UNIT         ?STACK

            * * * * * * *   C O D E   M E M O R Y   * * * * * * *
            CODE    0000H     0003H     ABSOLUTE     
            CODE    0003H     0003H     ABSOLUTE     
                    0006H     07FAH                  *** GAP ***
            CODE    0800H     0041H     UNIT         ?PR?ISR_EX0?INTERUPT
            CODE    0841H     0018H     UNIT         ?PR?_DELAY?INTERUPT
            CODE    0859H     000CH     UNIT         ?C_C51STARTUP
            CODE    0865H     000BH     UNIT         ?PR?MAIN?INTERUPT



OVERLAY MAP OF MODULE:   .\Objects\interrupt (?C_STARTUP)


SEGMENT                          DATA_GROUP 
  +--> CALLED SEGMENT          START    LENGTH
----------------------------------------------
?C_C51STARTUP                  -----    -----
  +--> ?PR?MAIN?INTERUPT

*** NEW ROOT ***************************************************

?PR?ISR_EX0?INTERUPT           -----    -----
  +--> ?PR?_DELAY?INTERUPT

?PR?_DELAY?INTERUPT            0008H    0002H



SYMBOL TABLE OF MODULE:  .\Objects\interrupt (?C_STARTUP)

  VALUE           TYPE          NAME
  ----------------------------------

BL51 BANKED LINKER/LOCATER V6.22.4.0                                                  11/21/2025  04:06:22  PAGE 2


  -------         MODULE        ?C_STARTUP
  C:0859H         SEGMENT       ?C_C51STARTUP
  I:000AH         SEGMENT       ?STACK
  C:0000H         PUBLIC        ?C_STARTUP
  D:00E0H         SYMBOL        ACC
  D:00F0H         SYMBOL        B
  D:0083H         SYMBOL        DPH
  D:0082H         SYMBOL        DPL
  N:0000H         SYMBOL        IBPSTACK
  N:0100H         SYMBOL        IBPSTACKTOP
  N:0080H         SYMBOL        IDATALEN
  C:085CH         SYMBOL        IDATALOOP
  N:0000H         SYMBOL        PBPSTACK
  N:0100H         SYMBOL        PBPSTACKTOP
  N:0000H         SYMBOL        PDATALEN
  N:0000H         SYMBOL        PDATASTART
  N:0000H         SYMBOL        PPAGE
  N:0000H         SYMBOL        PPAGEENABLE
  D:00A0H         SYMBOL        PPAGE_SFR
  D:0081H         SYMBOL        SP
  C:0859H         SYMBOL        STARTUP1
  N:0000H         SYMBOL        XBPSTACK
  N:0000H         SYMBOL        XBPSTACKTOP
  N:0000H         SYMBOL        XDATALEN
  N:0000H         SYMBOL        XDATASTART
  C:0000H         LINE#         126
  C:0859H         LINE#         133
  C:085BH         LINE#         134
  C:085CH         LINE#         135
  C:085DH         LINE#         136
  C:085FH         LINE#         185
  C:0862H         LINE#         196
  -------         ENDMOD        ?C_STARTUP

  -------         MODULE        INTERUPT
  C:0000H         SYMBOL        _ICE_DUMMY_
  D:00A0H         PUBLIC        P2
  D:00A8H         PUBLIC        IE
  C:0841H         PUBLIC        _delay
  C:0865H         PUBLIC        main
  D:0088H         PUBLIC        TCON
  C:0800H         PUBLIC        ISR_ex0
  B:00A0H.0       PUBLIC        led1
  -------         PROC          MAIN
  C:0865H         LINE#         5
  C:0865H         LINE#         6
  C:0865H         LINE#         7
  C:0868H         LINE#         8
  C:086BH         LINE#         9
  C:086EH         LINE#         10
  C:086EH         LINE#         11
  C:086EH         LINE#         13
  -------         ENDPROC       MAIN
  -------         PROC          ISR_EX0
  C:0800H         LINE#         16
  C:081DH         LINE#         18
  C:081FH         LINE#         19
BL51 BANKED LINKER/LOCATER V6.22.4.0                                                  11/21/2025  04:06:22  PAGE 3


  C:0826H         LINE#         20
  -------         ENDPROC       ISR_EX0
  -------         PROC          _DELAY
  D:0006H         SYMBOL        a
  -------         DO            
  D:0004H         SYMBOL        i
  D:0008H         SYMBOL        j
  -------         ENDDO         
  C:0841H         LINE#         21
  C:0841H         LINE#         22
  C:0841H         LINE#         24
  C:0851H         LINE#         25
  C:0851H         LINE#         27
  C:0858H         LINE#         29
  -------         ENDPROC       _DELAY
  -------         ENDMOD        INTERUPT

******************************************************************************
* RESTRICTED VERSION WITH 0800H BYTE CODE SIZE LIMIT; USED: 0076H BYTE ( 5%) *
******************************************************************************

Program Size: data=11.0 xdata=0 code=118
LINK/LOCATE RUN COMPLETE.  0 WARNING(S),  0 ERROR(S)
