C51 COMPILER V9.60.7.0   INTERUPT                                                          11/21/2025 04:06:22 PAGE 1   


C51 COMPILER V9.60.7.0, COMPILATION OF MODULE INTERUPT
OBJECT MODULE PLACED IN .\Objects\Interupt.obj
COMPILER INVOKED BY: D:\Program Files\C51\BIN\C51.EXE Interupt.c OPTIMIZE(8,SPEED) BROWSE DEBUG OBJECTEXTEND PRINT(.\Lis
                    -tings\Interupt.lst) TABS(2) OBJECT(.\Objects\Interupt.obj)

line level    source

   1          #include<reg51.h>
   2          sbit led1 = P2^0;
   3          void delay(int a);
   4          
   5          void main()
   6          {
   7   1        P2   =0X01;    // make all the pin zero
   8   1        TCON = 0X01;   //raising to falling edage
   9   1        IE   = 0X81;   // Enable INTO
  10   1        while(1)
  11   1        {
  12   2          
  13   2        }
  14   1        
  15   1      }
  16          void ISR_ex0() interrupt 0   // ISR fro external interupt
  17          {
  18   1        led1 =~ led1;
  19   1        delay(10);
  20   1      }
  21          void delay(int a)
  22          {
  23   1        int i, j;
  24   1        for(i=0; i<a; i++)
  25   1        {
  26   2          
  27   2        }
  28   1          
  29   1      }
*** WARNING C280 IN LINE 23 OF Interupt.c: 'j': unreferenced local variable
  30          
  31            


MODULE INFORMATION:   STATIC OVERLAYABLE
   CODE SIZE        =    100    ----
   CONSTANT SIZE    =   ----    ----
   XDATA SIZE       =   ----    ----
   PDATA SIZE       =   ----    ----
   DATA SIZE        =   ----       2
   IDATA SIZE       =   ----    ----
   BIT SIZE         =   ----    ----
END OF MODULE INFORMATION.


C51 COMPILATION COMPLETE.  1 WARNING(S),  0 ERROR(S)
