C51 COMPILER V9.60.7.0   TIMER                                                             11/20/2025 13:25:39 PAGE 1   


C51 COMPILER V9.60.7.0, COMPILATION OF MODULE TIMER
OBJECT MODULE PLACED IN .\Objects\timer.obj
COMPILER INVOKED BY: D:\Program Files\C51\BIN\C51.EXE timer.c OPTIMIZE(8,SPEED) BROWSE DEBUG OBJECTEXTEND PRINT(.\Listin
                    -gs\timer.lst) TABS(2) OBJECT(.\Objects\timer.obj)

line level    source

   1          #include <reg51.h>
   2          
   3          void delay();
   4          
   5          void main()
   6          {
   7   1          while(1)
   8   1          {
   9   2              P2 = 0x00;   // All LEDs ON
  10   2              delay();
  11   2      
  12   2              P2 = 0x01;   // Only P2.0 ON
  13   2              delay();
  14   2          }
  15   1      }
  16          
  17          void delay()
  18          {
  19   1          TMOD = 0x01;   // Timer0 mode 1 (16-bit)
  20   1          TH0 = 0xDC;     // Load timer for approx 10ms delay
  21   1          TL0 = 0x00;
  22   1      
  23   1          TR0 = 1;        // Start Timer0
  24   1          while(TF0 == 0);
  25   1      
  26   1          TR0 = 0;        // Stop timer
  27   1          TF0 = 1;        // Clear overflow flag (note: must write 1)
  28   1      }


MODULE INFORMATION:   STATIC OVERLAYABLE
   CODE SIZE        =     33    ----
   CONSTANT SIZE    =   ----    ----
   XDATA SIZE       =   ----    ----
   PDATA SIZE       =   ----    ----
   DATA SIZE        =   ----    ----
   IDATA SIZE       =   ----    ----
   BIT SIZE         =   ----    ----
END OF MODULE INFORMATION.


C51 COMPILATION COMPLETE.  0 WARNING(S),  0 ERROR(S)
