C51 COMPILER V9.60.7.0   LED_BLINKING                                                      11/18/2025 15:02:54 PAGE 1   


C51 COMPILER V9.60.7.0, COMPILATION OF MODULE LED_BLINKING
OBJECT MODULE PLACED IN .\Objects\led_blinking.obj
COMPILER INVOKED BY: D:\Program Files\C51\BIN\C51.EXE led_blinking.c OPTIMIZE(8,SPEED) BROWSE DEBUG OBJECTEXTEND PRINT(.
                    -\Listings\led_blinking.lst) TABS(2) OBJECT(.\Objects\led_blinking.obj)

line level    source

   1          #include<reg51.h>
   2          
   3          void delay(int a)
   4          {
   5   1        int i,j;
   6   1        for(i=0; i<a; i++)
   7   1        {
   8   2          for(j=0; j<250; j++)
   9   2          {
  10   3          }
  11   2        }
  12   1      }
  13          
  14          void main(){
  15   1        while(1)
  16   1        {
  17   2          P2 = 0X01; // 1.085us
  18   2          delay(200);
  19   2          P2 = 0x00; // 1.085us 
  20   2          delay(200);
  21   2        }
  22   1      }


MODULE INFORMATION:   STATIC OVERLAYABLE
   CODE SIZE        =     56    ----
   CONSTANT SIZE    =   ----    ----
   XDATA SIZE       =   ----    ----
   PDATA SIZE       =   ----    ----
   DATA SIZE        =   ----    ----
   IDATA SIZE       =   ----    ----
   BIT SIZE         =   ----    ----
END OF MODULE INFORMATION.


C51 COMPILATION COMPLETE.  0 WARNING(S),  0 ERROR(S)
