C51 COMPILER V9.60.7.0   8051_COMMUNICATION                                                11/20/2025 14:50:20 PAGE 1   


C51 COMPILER V9.60.7.0, COMPILATION OF MODULE 8051_COMMUNICATION
OBJECT MODULE PLACED IN .\Objects\8051_communication.obj
COMPILER INVOKED BY: D:\Program Files\C51\BIN\C51.EXE 8051_communication.c OPTIMIZE(8,SPEED) BROWSE DEBUG OBJECTEXTEND P
                    -RINT(.\Listings\8051_communication.lst) TABS(2) OBJECT(.\Objects\8051_communication.obj)

line level    source

   1          #include <reg51.h>
   2          #include <string.h>
   3          
   4          void uart_init();
   5          void uart_tx(char ch);
   6          char uart_rx();
   7          
   8          void main()
   9          {
  10   1          uart_init();          // initialize UART
  11   1          uart_tx('H');         // send single character
  12   1          uart_tx('E');
  13   1          uart_tx('L');
  14   1          uart_tx('L');
  15   1          uart_tx('O');
  16   1      
  17   1          while(1)
  18   1          {
  19   2              uart_tx(uart_rx());   // echo received char
  20   2          }
  21   1      }
  22          
  23          void uart_init()
  24          {
  25   1          SCON = 0x50;   // Mode 1, 8-bit UART, REN=1
  26   1          TMOD = 0x20;   // Timer1 Mode2, auto-reload
  27   1          TH1  = 0xFD;   // 9600 baud @ 11.0592MHz
  28   1          TR1  = 1;      // Start Timer1
  29   1      }
  30          
  31          void uart_tx(char ch)
  32          {
  33   1          SBUF = ch;          // Load data
  34   1          while(TI == 0);     // Wait for TX complete
  35   1          TI = 0;             // Clear flag
  36   1      }
  37          
  38          char uart_rx()
  39          {
  40   1          while(RI == 0);     // Wait for byte
  41   1          RI = 0;             // Clear receive interrupt
  42   1          return SBUF;        // Return received data
  43   1      }


MODULE INFORMATION:   STATIC OVERLAYABLE
   CODE SIZE        =     64    ----
   CONSTANT SIZE    =   ----    ----
   XDATA SIZE       =   ----    ----
   PDATA SIZE       =   ----    ----
   DATA SIZE        =   ----    ----
   IDATA SIZE       =   ----    ----
   BIT SIZE         =   ----    ----
END OF MODULE INFORMATION.

C51 COMPILER V9.60.7.0   8051_COMMUNICATION                                                11/20/2025 14:50:20 PAGE 2   


C51 COMPILATION COMPLETE.  0 WARNING(S),  0 ERROR(S)
