BL51 BANKED LINKER/LOCATER V6.22.4.0                                                    11/20/2025  14:50:20  PAGE 1


BL51 BANKED LINKER/LOCATER V6.22.4.0, INVOKED BY:
D:\PROGRAM FILES\C51\BIN\BL51.EXE .\Objects\STARTUP.obj, .\Objects\8051_communication.obj TO .\Objects\serial communicat
>> ion PRINT (.\Listings\serial communication.m51)


MEMORY MODEL: SMALL


INPUT MODULES INCLUDED:
  .\Objects\STARTUP.obj (?C_STARTUP)
  .\Objects\8051_communication.obj (8051_COMMUNICATION)


LINK MAP OF MODULE:  .\Objects\serial communication (?C_STARTUP)


            TYPE    BASE      LENGTH    RELOCATION   SEGMENT NAME
            -----------------------------------------------------

            * * * * * * *   D A T A   M E M O R Y   * * * * * * *
            REG     0000H     0008H     ABSOLUTE     "REG BANK 0"
            IDATA   0008H     0001H     UNIT         ?STACK

            * * * * * * *   C O D E   M E M O R Y   * * * * * * *
            CODE    0000H     0003H     ABSOLUTE     
                    0003H     07FDH                  *** GAP ***
            CODE    0800H     0024H     UNIT         ?PR?MAIN?8051_COMMUNICATION
            CODE    0824H     000CH     UNIT         ?C_C51STARTUP
            CODE    0830H     000CH     UNIT         ?PR?UART_INIT?8051_COMMUNICATION
            CODE    083CH     0008H     UNIT         ?PR?_UART_TX?8051_COMMUNICATION
            CODE    0844H     0008H     UNIT         ?PR?UART_RX?8051_COMMUNICATION



OVERLAY MAP OF MODULE:   .\Objects\serial communication (?C_STARTUP)


SEGMENT
  +--> CALLED SEGMENT
---------------------
?C_C51STARTUP
  +--> ?PR?MAIN?8051_COMMUNICATION

?PR?MAIN?8051_COMMUNICATION
  +--> ?PR?UART_INIT?8051_COMMUNICATION
  +--> ?PR?_UART_TX?8051_COMMUNICATION
  +--> ?PR?UART_RX?8051_COMMUNICATION



SYMBOL TABLE OF MODULE:  .\Objects\serial communication (?C_STARTUP)

  VALUE           TYPE          NAME
  ----------------------------------

  -------         MODULE        ?C_STARTUP
  C:0824H         SEGMENT       ?C_C51STARTUP
  I:0008H         SEGMENT       ?STACK
BL51 BANKED LINKER/LOCATER V6.22.4.0                                                  11/20/2025  14:50:20  PAGE 2


  C:0000H         PUBLIC        ?C_STARTUP
  D:00E0H         SYMBOL        ACC
  D:00F0H         SYMBOL        B
  D:0083H         SYMBOL        DPH
  D:0082H         SYMBOL        DPL
  N:0000H         SYMBOL        IBPSTACK
  N:0100H         SYMBOL        IBPSTACKTOP
  N:0080H         SYMBOL        IDATALEN
  C:0827H         SYMBOL        IDATALOOP
  N:0000H         SYMBOL        PBPSTACK
  N:0100H         SYMBOL        PBPSTACKTOP
  N:0000H         SYMBOL        PDATALEN
  N:0000H         SYMBOL        PDATASTART
  N:0000H         SYMBOL        PPAGE
  N:0000H         SYMBOL        PPAGEENABLE
  D:00A0H         SYMBOL        PPAGE_SFR
  D:0081H         SYMBOL        SP
  C:0824H         SYMBOL        STARTUP1
  N:0000H         SYMBOL        XBPSTACK
  N:0000H         SYMBOL        XBPSTACKTOP
  N:0000H         SYMBOL        XDATALEN
  N:0000H         SYMBOL        XDATASTART
  C:0000H         LINE#         126
  C:0824H         LINE#         133
  C:0826H         LINE#         134
  C:0827H         LINE#         135
  C:0828H         LINE#         136
  C:082AH         LINE#         185
  C:082DH         LINE#         196
  -------         ENDMOD        ?C_STARTUP

  -------         MODULE        8051_COMMUNICATION
  C:0000H         SYMBOL        _ICE_DUMMY_
  C:0844H         PUBLIC        uart_rx
  C:083CH         PUBLIC        _uart_tx
  B:0098H.0       PUBLIC        RI
  B:0098H.1       PUBLIC        TI
  C:0800H         PUBLIC        main
  D:0099H         PUBLIC        SBUF
  D:0098H         PUBLIC        SCON
  D:0089H         PUBLIC        TMOD
  D:008DH         PUBLIC        TH1
  C:0830H         PUBLIC        uart_init
  B:0088H.6       PUBLIC        TR1
  -------         PROC          MAIN
  C:0800H         LINE#         8
  C:0800H         LINE#         9
  C:0800H         LINE#         10
  C:0803H         LINE#         11
  C:0808H         LINE#         12
  C:080DH         LINE#         13
  C:0812H         LINE#         14
  C:0817H         LINE#         15
  C:081CH         LINE#         17
  C:081CH         LINE#         18
  C:081CH         LINE#         19
  C:0822H         LINE#         20
BL51 BANKED LINKER/LOCATER V6.22.4.0                                                  11/20/2025  14:50:20  PAGE 3


  -------         ENDPROC       MAIN
  -------         PROC          UART_INIT
  C:0830H         LINE#         23
  C:0830H         LINE#         24
  C:0830H         LINE#         25
  C:0833H         LINE#         26
  C:0836H         LINE#         27
  C:0839H         LINE#         28
  C:083BH         LINE#         29
  -------         ENDPROC       UART_INIT
  -------         PROC          _UART_TX
  D:0007H         SYMBOL        ch
  C:083CH         LINE#         31
  C:083CH         LINE#         32
  C:083CH         LINE#         33
  C:083EH         LINE#         34
  C:0841H         LINE#         35
  C:0843H         LINE#         36
  -------         ENDPROC       _UART_TX
  -------         PROC          UART_RX
  C:0844H         LINE#         38
  C:0844H         LINE#         39
  C:0844H         LINE#         40
  C:0847H         LINE#         41
  C:0849H         LINE#         42
  C:084BH         LINE#         43
  -------         ENDPROC       UART_RX
  -------         ENDMOD        8051_COMMUNICATION

******************************************************************************
* RESTRICTED VERSION WITH 0800H BYTE CODE SIZE LIMIT; USED: 004FH BYTE ( 3%) *
******************************************************************************

Program Size: data=9.0 xdata=0 code=79
LINK/LOCATE RUN COMPLETE.  0 WARNING(S),  0 ERROR(S)
