C51 COMPILER V9.60.7.0   SWITCH                                                            11/19/2025 11:28:31 PAGE 1   


C51 COMPILER V9.60.7.0, COMPILATION OF MODULE SWITCH
OBJECT MODULE PLACED IN .\Objects\Switch.obj
COMPILER INVOKED BY: D:\Program Files\C51\BIN\C51.EXE Switch.c OPTIMIZE(8,SPEED) BROWSE DEBUG OBJECTEXTEND PRINT(.\Listi
                    -ngs\Switch.lst) TABS(2) OBJECT(.\Objects\Switch.obj)

line level    source

   1          #include<reg51.h>
   2          sbit sw = P2^0;
   3          sbit led = P3^0;
   4          
   5          void main()
   6          {
   7   1        led = 0;
   8   1        while(1)
   9   1        {
  10   2          if(sw == 0)
  11   2          {
  12   3            led = 1;
  13   3          }
  14   2          else
  15   2          {
  16   3            led = 0;
  17   3          }
  18   2        }
  19   1      }


MODULE INFORMATION:   STATIC OVERLAYABLE
   CODE SIZE        =     13    ----
   CONSTANT SIZE    =   ----    ----
   XDATA SIZE       =   ----    ----
   PDATA SIZE       =   ----    ----
   DATA SIZE        =   ----    ----
   IDATA SIZE       =   ----    ----
   BIT SIZE         =   ----    ----
END OF MODULE INFORMATION.


C51 COMPILATION COMPLETE.  0 WARNING(S),  0 ERROR(S)
