BL51 BANKED LINKER/LOCATER V6.22.4.0                                                    11/21/2025  03:48:14  PAGE 1


BL51 BANKED LINKER/LOCATER V6.22.4.0, INVOKED BY:
D:\PROGRAM FILES\C51\BIN\BL51.EXE .\Objects\STARTUP.obj, .\Objects\Keypad_security_system.obj TO .\Objects\Keypad_securi
>> ty_system PRINT (.\Listings\Keypad_security_system.m51)


MEMORY MODEL: SMALL


INPUT MODULES INCLUDED:
  .\Objects\STARTUP.obj (?C_STARTUP)
  .\Objects\Keypad_security_system.obj (KEYPAD_SECURITY_SYSTEM)
  D:\PROGRAM FILES\C51\LIB\C51S.LIB (?C_INIT)
  D:\PROGRAM FILES\C51\LIB\C51S.LIB (?C?CLDOPTR)
  D:\PROGRAM FILES\C51\LIB\C51S.LIB (STRNCMP)
  D:\PROGRAM FILES\C51\LIB\C51S.LIB (?C?CLDPTR)


LINK MAP OF MODULE:  .\Objects\Keypad_security_system (?C_STARTUP)


            TYPE    BASE      LENGTH    RELOCATION   SEGMENT NAME
            -----------------------------------------------------

            * * * * * * *   D A T A   M E M O R Y   * * * * * * *
            REG     0000H     0008H     ABSOLUTE     "REG BANK 0"
            DATA    0008H     000FH     UNIT         ?DT?KEYPAD_SECURITY_SYSTEM
            DATA    0017H     0008H     UNIT         _DATA_GROUP_
            IDATA   001FH     0001H     UNIT         ?STACK

            * * * * * * *   C O D E   M E M O R Y   * * * * * * *
            CODE    0000H     0003H     ABSOLUTE     
                    0003H     07FDH                  *** GAP ***
            CODE    0800H     0241H     UNIT         ?PR?MAIN?KEYPAD_SECURITY_SYSTEM
            CODE    0A41H     008CH     UNIT         ?C_C51STARTUP
            CODE    0ACDH     006FH     UNIT         ?PR?_STRNCMP?STRNCMP
            CODE    0B3CH     0046H     UNIT         ?C?LIB_CODE
            CODE    0B82H     0037H     UNIT         ?CO?KEYPAD_SECURITY_SYSTEM
            CODE    0BB9H     0031H     UNIT         ?PR?_LCD_STRING?KEYPAD_SECURITY_SYSTEM
            CODE    0BEAH     002AH     UNIT         ?PR?_DELAY?KEYPAD_SECURITY_SYSTEM
            CODE    0C14H     0018H     UNIT         ?PR?_LCD_DATA?KEYPAD_SECURITY_SYSTEM
            CODE    0C2CH     0018H     UNIT         ?PR?_LCD_CMD?KEYPAD_SECURITY_SYSTEM
            CODE    0C44H     0014H     UNIT         ?PR?LCD_INIT?KEYPAD_SECURITY_SYSTEM
            CODE    0C58H     000CH     UNIT         ?C_INITSEG



OVERLAY MAP OF MODULE:   .\Objects\Keypad_security_system (?C_STARTUP)


SEGMENT                                          DATA_GROUP 
  +--> CALLED SEGMENT                          START    LENGTH
--------------------------------------------------------------
?C_C51STARTUP                                  -----    -----
  +--> ?PR?MAIN?KEYPAD_SECURITY_SYSTEM
  +--> ?C_INITSEG

?PR?MAIN?KEYPAD_SECURITY_SYSTEM                -----    -----
  +--> ?PR?LCD_INIT?KEYPAD_SECURITY_SYSTEM
BL51 BANKED LINKER/LOCATER V6.22.4.0                                                  11/21/2025  03:48:14  PAGE 2


  +--> ?PR?_LCD_DATA?KEYPAD_SECURITY_SYSTEM
  +--> ?PR?_DELAY?KEYPAD_SECURITY_SYSTEM
  +--> ?PR?_STRNCMP?STRNCMP
  +--> ?PR?_LCD_CMD?KEYPAD_SECURITY_SYSTEM
  +--> ?CO?KEYPAD_SECURITY_SYSTEM
  +--> ?PR?_LCD_STRING?KEYPAD_SECURITY_SYSTEM

?PR?LCD_INIT?KEYPAD_SECURITY_SYSTEM            -----    -----
  +--> ?PR?_LCD_CMD?KEYPAD_SECURITY_SYSTEM

?PR?_LCD_CMD?KEYPAD_SECURITY_SYSTEM            -----    -----
  +--> ?PR?_DELAY?KEYPAD_SECURITY_SYSTEM

?PR?_LCD_DATA?KEYPAD_SECURITY_SYSTEM           -----    -----
  +--> ?PR?_DELAY?KEYPAD_SECURITY_SYSTEM

?PR?_STRNCMP?STRNCMP                           0017H    0008H

?PR?_LCD_STRING?KEYPAD_SECURITY_SYSTEM         0017H    0005H
  +--> ?CO?KEYPAD_SECURITY_SYSTEM
  +--> ?PR?_LCD_DATA?KEYPAD_SECURITY_SYSTEM



SYMBOL TABLE OF MODULE:  .\Objects\Keypad_security_system (?C_STARTUP)

  VALUE           TYPE          NAME
  ----------------------------------

  -------         MODULE        ?C_STARTUP
  C:0A41H         SEGMENT       ?C_C51STARTUP
  I:001FH         SEGMENT       ?STACK
  C:0000H         PUBLIC        ?C_STARTUP
  D:00E0H         SYMBOL        ACC
  D:00F0H         SYMBOL        B
  D:0083H         SYMBOL        DPH
  D:0082H         SYMBOL        DPL
  N:0000H         SYMBOL        IBPSTACK
  N:0100H         SYMBOL        IBPSTACKTOP
  N:0080H         SYMBOL        IDATALEN
  C:0A44H         SYMBOL        IDATALOOP
  N:0000H         SYMBOL        PBPSTACK
  N:0100H         SYMBOL        PBPSTACKTOP
  N:0000H         SYMBOL        PDATALEN
  N:0000H         SYMBOL        PDATASTART
  N:0000H         SYMBOL        PPAGE
  N:0000H         SYMBOL        PPAGEENABLE
  D:00A0H         SYMBOL        PPAGE_SFR
  D:0081H         SYMBOL        SP
  C:0A41H         SYMBOL        STARTUP1
  N:0000H         SYMBOL        XBPSTACK
  N:0000H         SYMBOL        XBPSTACKTOP
  N:0000H         SYMBOL        XDATALEN
  N:0000H         SYMBOL        XDATASTART
  C:0000H         LINE#         126
  C:0A41H         LINE#         133
  C:0A43H         LINE#         134
BL51 BANKED LINKER/LOCATER V6.22.4.0                                                  11/21/2025  03:48:14  PAGE 3


  C:0A44H         LINE#         135
  C:0A45H         LINE#         136
  C:0A47H         LINE#         185
  C:0A4AH         LINE#         196
  -------         ENDMOD        ?C_STARTUP

  -------         MODULE        KEYPAD_SECURITY_SYSTEM
  C:0000H         SYMBOL        _ICE_DUMMY_
  D:0090H         PUBLIC        P1
  D:00A0H         PUBLIC        P2
  D:00B0H         PUBLIC        P3
  C:0BEEH         PUBLIC        _delay
  B:0090H.4       PUBLIC        c1
  B:0090H.5       PUBLIC        c2
  B:0090H.6       PUBLIC        c3
  B:0090H.0       PUBLIC        r1
  B:0090H.1       PUBLIC        r2
  B:0090H.2       PUBLIC        r3
  B:0090H.3       PUBLIC        r4
  C:0800H         PUBLIC        main
  D:0008H         PUBLIC        count
  C:0BBFH         PUBLIC        _lcd_string
  C:0C14H         PUBLIC        _lcd_data
  B:00B0H.4       PUBLIC        Re
  D:000AH         PUBLIC        val
  B:00B0H.5       PUBLIC        G
  C:0C2CH         PUBLIC        _lcd_cmd
  C:0C44H         PUBLIC        lcd_init
  B:00B0H.6       PUBLIC        R
  B:00B0H.2       PUBLIC        en
  D:000CH         PUBLIC        a
  D:0011H         PUBLIC        b
  B:00B0H.0       PUBLIC        rs
  B:00B0H.1       PUBLIC        rw
  D:0015H         PUBLIC        n
  -------         PROC          LCD_INIT
  C:0C44H         LINE#         13
  C:0C44H         LINE#         14
  C:0C44H         LINE#         15
  C:0C49H         LINE#         16
  C:0C4EH         LINE#         17
  C:0C53H         LINE#         19
  -------         ENDPROC       LCD_INIT
  -------         PROC          _LCD_DATA
  D:0007H         SYMBOL        ch
  C:0C14H         LINE#         22
  C:0C14H         LINE#         23
  C:0C14H         LINE#         24
  C:0C16H         LINE#         25
  C:0C18H         LINE#         26
  C:0C1AH         LINE#         27
  C:0C1CH         LINE#         28
  C:0C23H         LINE#         29
  C:0C25H         LINE#         30
  -------         ENDPROC       _LCD_DATA
  -------         PROC          _LCD_CMD
  D:0007H         SYMBOL        ch
BL51 BANKED LINKER/LOCATER V6.22.4.0                                                  11/21/2025  03:48:14  PAGE 4


  C:0C2CH         LINE#         33
  C:0C2CH         LINE#         34
  C:0C2CH         LINE#         35
  C:0C2EH         LINE#         36
  C:0C30H         LINE#         37
  C:0C32H         LINE#         38
  C:0C34H         LINE#         39
  C:0C3BH         LINE#         40
  C:0C3DH         LINE#         41
  -------         ENDPROC       _LCD_CMD
  -------         PROC          L?0069
  -------         ENDPROC       L?0069
  -------         PROC          _LCD_STRING
  D:0017H         SYMBOL        str
  -------         DO            
  D:001AH         SYMBOL        k
  -------         ENDDO         
  C:0BBFH         LINE#         44
  C:0BC5H         LINE#         45
  C:0BC5H         LINE#         46
  C:0BCAH         LINE#         47
  C:0BDCH         LINE#         48
  C:0BDCH         LINE#         49
  C:0BDFH         LINE#         50
  C:0BE7H         LINE#         51
  C:0BE9H         LINE#         52
  -------         ENDPROC       _LCD_STRING
  C:0BEAH         SYMBOL        L?0068
  -------         PROC          L?0067
  -------         ENDPROC       L?0067
  C:0BEAH         SYMBOL        L?0068
  -------         PROC          _DELAY
  D:0006H         SYMBOL        a
  -------         DO            
  D:0004H         SYMBOL        i
  D:0002H         SYMBOL        j
  -------         ENDDO         
  C:0BEEH         LINE#         54
  C:0BEEH         LINE#         55
  C:0BEEH         LINE#         57
  C:0BFEH         LINE#         58
  C:0BFEH         LINE#         59
  C:0C0CH         LINE#         60
  C:0C0CH         LINE#         61
  C:0C0CH         LINE#         62
  C:0C13H         LINE#         63
  -------         ENDPROC       _DELAY
  -------         PROC          MAIN
  C:0800H         LINE#         22
  C:0800H         LINE#         23
  C:0800H         LINE#         24
  C:0803H         LINE#         25
  C:0805H         LINE#         26
  C:0807H         LINE#         27
  C:0809H         LINE#         31
  C:0809H         LINE#         32
  C:0809H         LINE#         33
BL51 BANKED LINKER/LOCATER V6.22.4.0                                                  11/21/2025  03:48:14  PAGE 5


  C:0819H         LINE#         34
  C:0819H         LINE#         35
  C:0821H         LINE#         36
  C:0823H         LINE#         37
  C:0826H         LINE#         38
  C:0826H         LINE#         39
  C:082BH         LINE#         40
  C:0832H         LINE#         41
  C:083AH         LINE#         42
  C:083AH         LINE#         43
  C:083CH         LINE#         44
  C:083FH         LINE#         45
  C:083FH         LINE#         46
  C:0844H         LINE#         47
  C:084BH         LINE#         48
  C:0853H         LINE#         49
  C:0853H         LINE#         50
  C:0855H         LINE#         51
  C:0858H         LINE#         52
  C:0858H         LINE#         53
  C:085DH         LINE#         54
  C:0864H         LINE#         55
  C:086CH         LINE#         56
  C:086FH         LINE#         57
  C:086FH         LINE#         58
  C:0877H         LINE#         59
  C:0879H         LINE#         60
  C:087CH         LINE#         61
  C:087CH         LINE#         62
  C:0881H         LINE#         63
  C:0888H         LINE#         64
  C:0890H         LINE#         65
  C:0890H         LINE#         66
  C:0892H         LINE#         67
  C:0895H         LINE#         68
  C:0895H         LINE#         69
  C:089AH         LINE#         70
  C:08A1H         LINE#         71
  C:08A9H         LINE#         72
  C:08A9H         LINE#         73
  C:08ABH         LINE#         74
  C:08AEH         LINE#         75
  C:08AEH         LINE#         76
  C:08B3H         LINE#         77
  C:08BAH         LINE#         78
  C:08C2H         LINE#         79
  C:08C5H         LINE#         80
  C:08C5H         LINE#         81
  C:08CDH         LINE#         82
  C:08CFH         LINE#         83
  C:08D2H         LINE#         84
  C:08D2H         LINE#         85
  C:08D7H         LINE#         86
  C:08DEH         LINE#         87
  C:08E6H         LINE#         88
  C:08E6H         LINE#         89
  C:08E8H         LINE#         90
BL51 BANKED LINKER/LOCATER V6.22.4.0                                                  11/21/2025  03:48:14  PAGE 6


  C:08EBH         LINE#         91
  C:08EBH         LINE#         92
  C:08F0H         LINE#         93
  C:08F7H         LINE#         94
  C:08FFH         LINE#         95
  C:08FFH         LINE#         96
  C:0901H         LINE#         97
  C:0904H         LINE#         98
  C:0904H         LINE#         99
  C:0909H         LINE#         100
  C:0910H         LINE#         101
  C:0918H         LINE#         102
  C:091BH         LINE#         103
  C:091BH         LINE#         104
  C:0923H         LINE#         105
  C:0925H         LINE#         106
  C:0928H         LINE#         107
  C:0928H         LINE#         108
  C:092DH         LINE#         109
  C:0934H         LINE#         110
  C:093CH         LINE#         111
  C:093CH         LINE#         112
  C:093EH         LINE#         113
  C:0941H         LINE#         114
  C:0941H         LINE#         115
  C:0946H         LINE#         116
  C:094DH         LINE#         117
  C:0955H         LINE#         118
  C:0955H         LINE#         119
  C:0957H         LINE#         120
  C:095DH         LINE#         121
  C:095DH         LINE#         122
  C:0962H         LINE#         123
  C:0969H         LINE#         124
  C:0971H         LINE#         125
  C:0974H         LINE#         126
  C:0974H         LINE#         127
  C:0977H         LINE#         129
  C:0977H         LINE#         130
  C:0997H         LINE#         131
  C:099BH         LINE#         132
  C:099BH         LINE#         133
  C:099FH         LINE#         134
  C:09A1H         LINE#         136
  C:09A6H         LINE#         137
  C:09AFH         LINE#         139
  C:09AFH         LINE#         141
  C:09C8H         LINE#         142
  C:09C8H         LINE#         143
  C:09D0H         LINE#         144
  C:09D2H         LINE#         145
  C:09D6H         LINE#         147
  C:09DBH         LINE#         148
  C:09E4H         LINE#         149
  C:09EBH         LINE#         150
  C:09F0H         LINE#         151
  C:09F5H         LINE#         152
BL51 BANKED LINKER/LOCATER V6.22.4.0                                                  11/21/2025  03:48:14  PAGE 7


  C:09F8H         LINE#         153
  C:09FDH         LINE#         154
  C:0A02H         LINE#         155
  C:0A0DH         LINE#         156
  C:0A0DH         LINE#         157
  C:0A12H         LINE#         158
  C:0A17H         LINE#         159
  C:0A20H         LINE#         160
  C:0A27H         LINE#         161
  C:0A2CH         LINE#         162
  C:0A31H         LINE#         163
  C:0A36H         LINE#         164
  C:0A39H         LINE#         165
  C:0A3EH         LINE#         166
  C:0A3EH         LINE#         167
  C:0A3EH         LINE#         169
  C:0A3EH         LINE#         172
  -------         ENDPROC       MAIN
  -------         ENDMOD        KEYPAD_SECURITY_SYSTEM

  -------         MODULE        ?C?CLDOPTR
  C:0B3CH         PUBLIC        ?C?CLDOPTR
  -------         ENDMOD        ?C?CLDOPTR

  -------         MODULE        STRNCMP
  D:0017H         PUBLIC        ?_strncmp?BYTE
  C:0ACDH         PUBLIC        _strncmp
  -------         ENDMOD        STRNCMP

  -------         MODULE        ?C?CLDPTR
  C:0B69H         PUBLIC        ?C?CLDPTR
  -------         ENDMOD        ?C?CLDPTR

******************************************************************************
* RESTRICTED VERSION WITH 0800H BYTE CODE SIZE LIMIT; USED: 0331H BYTE (39%) *
******************************************************************************

Program Size: data=32.0 xdata=0 code=1127
LINK/LOCATE RUN COMPLETE.  0 WARNING(S),  0 ERROR(S)
