BL51 BANKED LINKER/LOCATER V6.22.4.0                                                    11/19/2025  13:07:37  PAGE 1


BL51 BANKED LINKER/LOCATER V6.22.4.0, INVOKED BY:
D:\PROGRAM FILES\C51\BIN\BL51.EXE .\Objects\STARTUP.obj, .\Objects\Lcd.obj TO .\Objects\LCD PRINT (.\Listings\LCD.m51)


MEMORY MODEL: SMALL


INPUT MODULES INCLUDED:
  .\Objects\STARTUP.obj (?C_STARTUP)
  .\Objects\Lcd.obj (LCD)
  D:\PROGRAM FILES\C51\LIB\C51S.LIB (?C?CLDOPTR)


LINK MAP OF MODULE:  .\Objects\LCD (?C_STARTUP)


            TYPE    BASE      LENGTH    RELOCATION   SEGMENT NAME
            -----------------------------------------------------

            * * * * * * *   D A T A   M E M O R Y   * * * * * * *
            REG     0000H     0008H     ABSOLUTE     "REG BANK 0"
            DATA    0008H     0005H     UNIT         _DATA_GROUP_
            IDATA   000DH     0001H     UNIT         ?STACK

            * * * * * * *   C O D E   M E M O R Y   * * * * * * *
            CODE    0000H     0003H     ABSOLUTE     
                    0003H     07FDH                  *** GAP ***
            CODE    0800H     0044H     UNIT         ?PR?MAIN?LCD
            CODE    0844H     002EH     UNIT         ?PR?_DELAY?LCD
            CODE    0872H     002DH     UNIT         ?C?LIB_CODE
            CODE    089FH     002BH     UNIT         ?PR?_LCD_STRING?LCD
            CODE    08CAH     0026H     UNIT         ?CO?LCD
            CODE    08F0H     0014H     UNIT         ?PR?LCD_INIT?LCD
            CODE    0904H     000CH     UNIT         ?C_C51STARTUP
            CODE    0910H     000AH     UNIT         ?PR?_LCD_CMD?LCD
            CODE    091AH     000AH     UNIT         ?PR?_LCD_DATA?LCD



OVERLAY MAP OF MODULE:   .\Objects\LCD (?C_STARTUP)


SEGMENT                          DATA_GROUP 
  +--> CALLED SEGMENT          START    LENGTH
----------------------------------------------
?C_C51STARTUP                  -----    -----
  +--> ?PR?MAIN?LCD

?PR?MAIN?LCD                   -----    -----
  +--> ?PR?LCD_INIT?LCD
  +--> ?CO?LCD
  +--> ?PR?_LCD_STRING?LCD
  +--> ?PR?_LCD_CMD?LCD
  +--> ?PR?_DELAY?LCD

?PR?LCD_INIT?LCD               -----    -----
  +--> ?PR?_LCD_CMD?LCD

BL51 BANKED LINKER/LOCATER V6.22.4.0                                                  11/19/2025  13:07:37  PAGE 2


?PR?_LCD_CMD?LCD               -----    -----
  +--> ?PR?_DELAY?LCD

?PR?_LCD_STRING?LCD            0008H    0005H
  +--> ?PR?_LCD_DATA?LCD

?PR?_LCD_DATA?LCD              -----    -----
  +--> ?PR?_DELAY?LCD



SYMBOL TABLE OF MODULE:  .\Objects\LCD (?C_STARTUP)

  VALUE           TYPE          NAME
  ----------------------------------

  -------         MODULE        ?C_STARTUP
  C:0904H         SEGMENT       ?C_C51STARTUP
  I:000DH         SEGMENT       ?STACK
  C:0000H         PUBLIC        ?C_STARTUP
  D:00E0H         SYMBOL        ACC
  D:00F0H         SYMBOL        B
  D:0083H         SYMBOL        DPH
  D:0082H         SYMBOL        DPL
  N:0000H         SYMBOL        IBPSTACK
  N:0100H         SYMBOL        IBPSTACKTOP
  N:0080H         SYMBOL        IDATALEN
  C:0907H         SYMBOL        IDATALOOP
  N:0000H         SYMBOL        PBPSTACK
  N:0100H         SYMBOL        PBPSTACKTOP
  N:0000H         SYMBOL        PDATALEN
  N:0000H         SYMBOL        PDATASTART
  N:0000H         SYMBOL        PPAGE
  N:0000H         SYMBOL        PPAGEENABLE
  D:00A0H         SYMBOL        PPAGE_SFR
  D:0081H         SYMBOL        SP
  C:0904H         SYMBOL        STARTUP1
  N:0000H         SYMBOL        XBPSTACK
  N:0000H         SYMBOL        XBPSTACKTOP
  N:0000H         SYMBOL        XDATALEN
  N:0000H         SYMBOL        XDATASTART
  C:0000H         LINE#         126
  C:0904H         LINE#         133
  C:0906H         LINE#         134
  C:0907H         LINE#         135
  C:0908H         LINE#         136
  C:090AH         LINE#         185
  C:090DH         LINE#         196
  -------         ENDMOD        ?C_STARTUP

  -------         MODULE        LCD
  C:0000H         SYMBOL        _ICE_DUMMY_
  D:00A0H         PUBLIC        P2
  D:00B0H         PUBLIC        P3
  C:084CH         PUBLIC        _delay
  C:0800H         PUBLIC        main
  C:089FH         PUBLIC        _lcd_string
BL51 BANKED LINKER/LOCATER V6.22.4.0                                                  11/19/2025  13:07:37  PAGE 3


  C:091AH         PUBLIC        _lcd_data
  C:0910H         PUBLIC        _lcd_cmd
  C:08F0H         PUBLIC        lcd_init
  B:00B0H.2       PUBLIC        en
  B:00B0H.0       PUBLIC        rs
  B:00B0H.1       PUBLIC        rw
  -------         PROC          MAIN
  C:0800H         LINE#         13
  C:0800H         LINE#         14
  C:0800H         LINE#         15
  C:0803H         LINE#         17
  C:080CH         LINE#         18
  C:0811H         LINE#         19
  C:081AH         LINE#         21
  C:0821H         LINE#         23
  C:0826H         LINE#         25
  C:082BH         LINE#         26
  C:0834H         LINE#         28
  C:0839H         LINE#         29
  C:0842H         LINE#         31
  -------         ENDPROC       MAIN
  -------         PROC          LCD_INIT
  C:08F0H         LINE#         34
  C:08F0H         LINE#         35
  C:08F0H         LINE#         36
  C:08F5H         LINE#         37
  C:08FAH         LINE#         38
  C:08FFH         LINE#         39
  -------         ENDPROC       LCD_INIT
  -------         PROC          _LCD_CMD
  D:0007H         SYMBOL        ch
  C:0910H         LINE#         42
  C:0910H         LINE#         43
  C:0910H         LINE#         44
  C:0912H         LINE#         45
  C:0914H         LINE#         46
  C:0914H         LINE#         47
  C:0914H         LINE#         48
  C:0917H         LINE#         49
  C:0919H         LINE#         50
  -------         ENDPROC       _LCD_CMD
  -------         PROC          _LCD_DATA
  D:0007H         SYMBOL        ch
  C:091AH         LINE#         52
  C:091AH         LINE#         53
  C:091AH         LINE#         54
  C:091CH         LINE#         55
  C:091EH         LINE#         56
  C:091EH         LINE#         57
  C:091EH         LINE#         58
  C:0921H         LINE#         59
  C:0923H         LINE#         60
  -------         ENDPROC       _LCD_DATA
  -------         PROC          _LCD_STRING
  D:0008H         SYMBOL        str
  -------         DO            
  D:000BH         SYMBOL        k
BL51 BANKED LINKER/LOCATER V6.22.4.0                                                  11/19/2025  13:07:37  PAGE 4


  -------         ENDDO         
  C:089FH         LINE#         62
  C:08A5H         LINE#         63
  C:08A5H         LINE#         64
  C:08AAH         LINE#         65
  C:08BCH         LINE#         66
  C:08BCH         LINE#         67
  C:08BFH         LINE#         68
  C:08C7H         LINE#         69
  C:08C9H         LINE#         70
  -------         ENDPROC       _LCD_STRING
  -------         PROC          L?0020
  -------         ENDPROC       L?0020
  -------         PROC          _DELAY
  D:0006H         SYMBOL        a
  -------         DO            
  D:0004H         SYMBOL        i
  D:0002H         SYMBOL        j
  -------         ENDDO         
  C:084CH         LINE#         72
  C:084CH         LINE#         73
  C:084CH         LINE#         75
  C:085CH         LINE#         76
  C:085CH         LINE#         77
  C:086AH         LINE#         78
  C:0871H         LINE#         79
  -------         ENDPROC       _DELAY
  -------         ENDMOD        LCD

  -------         MODULE        ?C?CLDOPTR
  C:0872H         PUBLIC        ?C?CLDOPTR
  -------         ENDMOD        ?C?CLDOPTR

******************************************************************************
* RESTRICTED VERSION WITH 0800H BYTE CODE SIZE LIMIT; USED: 00FAH BYTE (12%) *
******************************************************************************

Program Size: data=14.0 xdata=0 code=295
LINK/LOCATE RUN COMPLETE.  0 WARNING(S),  0 ERROR(S)
