C51 COMPILER V9.60.7.0   LCD                                                               11/19/2025 13:07:37 PAGE 1   


C51 COMPILER V9.60.7.0, COMPILATION OF MODULE LCD
OBJECT MODULE PLACED IN .\Objects\Lcd.obj
COMPILER INVOKED BY: D:\Program Files\C51\BIN\C51.EXE Lcd.c OPTIMIZE(8,SPEED) BROWSE DEBUG OBJECTEXTEND PRINT(.\Listings
                    -\Lcd.lst) TABS(2) OBJECT(.\Objects\Lcd.obj)

line level    source

   1          #include <reg51.h>
   2          
   3          sbit rs = P3^0;
   4          sbit rw = P3^1;
   5          sbit en = P3^2;
   6          
   7          void lcd_cmd(unsigned char);
   8          void lcd_data(unsigned char);
   9          void lcd_string(char *);
  10          void lcd_init();
  11          void delay(int);
  12          
  13          void main()
  14          {
  15   1          lcd_init();
  16   1      
  17   1          lcd_string("Welcome");
  18   1          lcd_cmd(0xC0);   // move to 2nd line
  19   1          lcd_string("Home");
  20   1      
  21   1          delay(200);
  22   1      
  23   1          lcd_cmd(0x01);   // clear display
  24   1      
  25   1          lcd_cmd(0x83);   // Line 1, position 4
  26   1          lcd_string("Hello RaviRaj");   // FIXED missing semicolon
  27   1      
  28   1          lcd_cmd(0xC4);   // move to 2nd line position 5
  29   1          lcd_string("Sweet Home");     // corrected spelling
  30   1      
  31   1          while(1);
  32   1      }
  33          
  34          void lcd_init()
  35          {
  36   1          lcd_cmd(0x38);   // 8-bit 2-line
  37   1          lcd_cmd(0x01);   // clear display
  38   1          lcd_cmd(0x0C);   // display ON, cursor OFF
  39   1          lcd_cmd(0x80);   // line 1, position 1
  40   1      }
  41          
  42          void lcd_cmd(unsigned char ch)
  43          {
  44   1          P2 = ch;
  45   1          rs = 0;
  46   1          rw = 0;
  47   1          en = 1;
  48   1          delay(10);
  49   1          en = 0;
  50   1      }
  51          
  52          void lcd_data(unsigned char ch)
  53          {
  54   1          P2 = ch;
C51 COMPILER V9.60.7.0   LCD                                                               11/19/2025 13:07:37 PAGE 2   

  55   1          rs = 1;      // DATA mode
  56   1          rw = 0;
  57   1          en = 1;
  58   1          delay(10);
  59   1          en = 0;
  60   1      }
  61          
  62          void lcd_string(char *str)
  63          {
  64   1          int k =0;
  65   1          while(str[k] != '\0')
  66   1          {
  67   2              lcd_data(str[k]);
  68   2              k++;
  69   2          }
  70   1      }
  71          
  72          void delay(int a)
  73          {
  74   1          int i, j;
  75   1          for(i = 0; i < a; i++)
  76   1        {
  77   2          for(j = 0; j < 350; j++);
  78   2        }
  79   1      }


MODULE INFORMATION:   STATIC OVERLAYABLE
   CODE SIZE        =    197    ----
   CONSTANT SIZE    =     38    ----
   XDATA SIZE       =   ----    ----
   PDATA SIZE       =   ----    ----
   DATA SIZE        =   ----       5
   IDATA SIZE       =   ----    ----
   BIT SIZE         =   ----    ----
END OF MODULE INFORMATION.


C51 COMPILATION COMPLETE.  0 WARNING(S),  0 ERROR(S)
