C51 COMPILER V9.60.7.0   3X4_MATRIX                                                        11/20/2025 12:51:55 PAGE 1   


C51 COMPILER V9.60.7.0, COMPILATION OF MODULE 3X4_MATRIX
OBJECT MODULE PLACED IN .\Objects\3X4 matrix.obj
COMPILER INVOKED BY: D:\Program Files\C51\BIN\C51.EXE 3X4 matrix.c OPTIMIZE(8,SPEED) BROWSE DEBUG OBJECTEXTEND PRINT(.\L
                    -istings\3X4 matrix.lst) TABS(2) OBJECT(.\Objects\3X4 matrix.obj)

line level    source

   1          #include<reg51.h>
   2          
   3          sbit r1 = P3^0;
   4          sbit r2 = P3^1;
   5          sbit r3 = P3^2;
   6          sbit r4 = P3^3;
   7          sbit c1 = P3^4;
   8          sbit c2 = P3^5;
   9          sbit c3 = P3^6;
  10          
  11          void delay(int a)
  12          {
  13   1        int i, j;
  14   1        for(i=0; i<a; i++)
  15   1        {
  16   2          for(j=0; j<350; j++);
  17   2        }
  18   1      }
  19          
  20          void main()
  21          {
  22   1        while(1)
  23   1        {
  24   2          r1=r2=r3=r4=c1=c2=c3=1;
  25   2          r1=0;
  26   2          if(c1==0)
  27   2          {
  28   3            P2=0xF9; // 1
  29   3            delay(100);
  30   3          }
  31   2          else if(c2==0)
  32   2          {
  33   3            P2=0xA4; // 2
  34   3            delay(100);
  35   3          }
  36   2          else if(c3==0)
  37   2          {
  38   3            P2=0xB0; // 3
  39   3            delay(100);
  40   3          }
  41   2      
  42   2          r1=r2=r3=r4=c1=c2=c3=1;
  43   2          r2=0;
  44   2          if(c1==0)
  45   2          {
  46   3            P2=0x99; // 4
  47   3            delay(100);
  48   3          }
  49   2          else if(c2==0)
  50   2          {
  51   3            P2=0x92; // 5
  52   3            delay(100);
  53   3          }
  54   2          else if(c3==0)
C51 COMPILER V9.60.7.0   3X4_MATRIX                                                        11/20/2025 12:51:55 PAGE 2   

  55   2          {
  56   3            P2=0x82; // 6
  57   3            delay(100);
  58   3          }
  59   2      
  60   2          r1=r2=r3=r4=c1=c2=c3=1;
  61   2          r3=0;
  62   2          if(c1==0)
  63   2          {
  64   3            P2=0xF8; // 7
  65   3            delay(100);
  66   3          }
  67   2          else if(c2==0)
  68   2          {
  69   3            P2=0x80; // 8
  70   3            delay(100);
  71   3          }
  72   2          else if(c3==0)
  73   2          {
  74   3            P2=0x90; // 9
  75   3            delay(100);
  76   3          }
  77   2      
  78   2          r1=r2=r3=r4=c1=c2=c3=1;
  79   2          r4=0;
  80   2          if(c1==0)
  81   2          {
  82   3            P2=0xFF; // * blank
  83   3            delay(100);
  84   3          }
  85   2          else if(c2==0)
  86   2          {
  87   3            P2=0xC0; // 0
  88   3            delay(100);
  89   3          }
  90   2          else if(c3==0)
  91   2          {
  92   3            P2=0xBF; // # dash
  93   3            delay(100);
  94   3          }
  95   2        }
  96   1      }


MODULE INFORMATION:   STATIC OVERLAYABLE
   CODE SIZE        =    216    ----
   CONSTANT SIZE    =   ----    ----
   XDATA SIZE       =   ----    ----
   PDATA SIZE       =   ----    ----
   DATA SIZE        =   ----    ----
   IDATA SIZE       =   ----    ----
   BIT SIZE         =   ----    ----
END OF MODULE INFORMATION.


C51 COMPILATION COMPLETE.  0 WARNING(S),  0 ERROR(S)
